[queue] waiting for EVA arm (tmux session 'rys') to finish...
[queue] EVA arm done at Wed Jul 22 10:55:21 UTC 2026
[queue] re-running EVA anatomy to persist raw features...
Extracting layerwise features (pool=cls)...
  Content-dominant layers (cls): none
  Saved: results/anatomy/anatomy_cls.png
  Saved: results/anatomy/anatomy_pca_cls.png
  Saved: results/anatomy/anatomy.json
[queue] waiting for DINOv3 gated access...
[queue] DINOv3 access confirmed — starting arm 2
=== [0/5] Model loading sanity check ===
Device: cuda
Traceback (most recent call last):
  File "/home/ubuntu/rys/.venv-dino/lib/python3.10/site-packages/transformers/utils/import_utils.py", line 2342, in __getattr__
    module = self._get_module(self._class_to_module[name])
  File "/home/ubuntu/rys/.venv-dino/lib/python3.10/site-packages/transformers/utils/import_utils.py", line 2576, in _get_module
    raise e
  File "/home/ubuntu/rys/.venv-dino/lib/python3.10/site-packages/transformers/utils/import_utils.py", line 2574, in _get_module
    return importlib.import_module("." + module_name, self.__name__)
  File "/usr/lib/python3.10/importlib/__init__.py", line 126, in import_module
    return _bootstrap._gcd_import(name[level:], package, level)
  File "<frozen importlib._bootstrap>", line 1050, in _gcd_import
  File "<frozen importlib._bootstrap>", line 1027, in _find_and_load
  File "<frozen importlib._bootstrap>", line 1006, in _find_and_load_unlocked
  File "<frozen importlib._bootstrap>", line 688, in _load_unlocked
  File "<frozen importlib._bootstrap_external>", line 883, in exec_module
  File "<frozen importlib._bootstrap>", line 241, in _call_with_frames_removed
  File "/home/ubuntu/rys/.venv-dino/lib/python3.10/site-packages/transformers/models/auto/image_processing_auto.py", line 24, in <module>
    from ...image_processing_utils import ImageProcessingMixin
  File "/home/ubuntu/rys/.venv-dino/lib/python3.10/site-packages/transformers/image_processing_utils.py", line 24, in <module>
    from .image_processing_base import BatchFeature, ImageProcessingMixin
  File "/home/ubuntu/rys/.venv-dino/lib/python3.10/site-packages/transformers/image_processing_base.py", line 25, in <module>
    from .image_utils import is_valid_image, load_image
  File "/home/ubuntu/rys/.venv-dino/lib/python3.10/site-packages/transformers/image_utils.py", line 54, in <module>
    from torchvision.io import ImageReadMode, decode_image
  File "/home/ubuntu/rys/.venv-dino/lib/python3.10/site-packages/torchvision/__init__.py", line 8, in <module>
    from torchvision import (
  File "/home/ubuntu/rys/.venv-dino/lib/python3.10/site-packages/torchvision/_meta_registrations.py", line 164, in <module>
    def meta_nms(dets, scores, iou_threshold):
  File "/home/ubuntu/rys/.venv-dino/lib/python3.10/site-packages/torch/library.py", line 1262, in register
    use_lib._register_fake(
  File "/home/ubuntu/rys/.venv-dino/lib/python3.10/site-packages/torch/library.py", line 352, in _register_fake
    handle = entry.fake_impl.register(
  File "/home/ubuntu/rys/.venv-dino/lib/python3.10/site-packages/torch/_library/fake_impl.py", line 87, in register
    lib.impl(self.qualname, meta_kernel, "Meta", allow_override=allow_override)
  File "/home/ubuntu/rys/.venv-dino/lib/python3.10/site-packages/torch/library.py", line 493, in impl
    if torch._C._dispatch_has_kernel_for_dispatch_key(
RuntimeError: operator torchvision::nms does not exist

The above exception was the direct cause of the following exception:

Traceback (most recent call last):
  File "/home/ubuntu/rys/scripts/test_model_loading.py", line 83, in <module>
    main()
  File "/home/ubuntu/rys/scripts/test_model_loading.py", line 30, in main
    scanner, processor, spec = load_model(args.model, device=device)
  File "/home/ubuntu/rys/scripts/model_registry.py", line 65, in load_model
    from transformers import AutoImageProcessor, AutoModel, CLIPImageProcessor
  File "/home/ubuntu/rys/.venv-dino/lib/python3.10/site-packages/transformers/utils/import_utils.py", line 2430, in __getattr__
    raise ModuleNotFoundError(
ModuleNotFoundError: Could not import module 'AutoImageProcessor'. Are this object's requirements defined correctly?
